// Jest Snapshot v1, https://goo.gl/fbAQLP

exports[`<Landing /> render matches snapshot 1`] = `
<div>
  hi there
</div>
`;
